// Jest Snapshot v1, https://goo.gl/fbAQLP

exports[`unstake deactivates a fully-covered active delegation (no split) behind a compute-budget instruction 1`] = `"AQAAAAAAAAAAAAAAAAAAAAAAAAAAAAAAAAAAAAAAAAAAAAAAAAAAAAAAAAAAAAAAAAAAAAAAAAAAAAAAAAAAAACAAQADBYqI4910CfGV/VLbLTy6XXLKZwm/HZQSG/N0iAG0D29c7UkoxijRwsbq6QM4kFmVYSlZJzpcY/k2NsFGFKyHN9EDBkZv5SEXMv/srbpyw5vnvIzlu8X3EmssQ5s6QAAAAAah2BeRN1QqmDQ3vf4qerJVf1NcinhyK2ikncAAAAAABqfVFxjHdMkoVmOYaR1etoteuKObS21cc1VbIQAAAAAAAAAAAAAAAAAAAAAAAAAAAAAAAAAAAAAAAAAAAAAAAAICAAkDMgAAAAAAAAADAwEEAAQFAAAAAA=="`;
